2026-10-04T14:04:03+00:00  45 Maerkte geschrieben
2026-10-04T14:04:16+00:00  15/15 Messungen (5 Maerkte)
2026-10-04T14:09:24+00:00  45 Maerkte geschrieben
2026-10-04T14:09:38+00:00  15/15 Messungen (5 Maerkte)
2026-10-04T14:14:49+00:00  45 Maerkte geschrieben
  ! BONK/USDC 2000.0$: quote-v6: <urlopen error [Errno 8] nodename nor servname provided, or not known>
2026-10-04T14:15:01+00:00  14/15 Messungen (5 Maerkte)
2026-10-04T14:20:12+00:00  45 Maerkte geschrieben
2026-10-04T14:20:25+00:00  15/15 Messungen (5 Maerkte)
2026-10-04T17:31:28+00:00  45 Maerkte geschrieben
2026-10-04T17:54:21+00:00  15/15 Messungen (5 Maerkte)
2026-10-05T12:09:40+00:00  45 Maerkte geschrieben
  ! JUP/USDC 100.0$: quote-v6: <urlopen error [Errno 8] nodename nor servname provided, or not known>
2026-10-05T14:30:03+00:00  14/15 Messungen (5 Maerkte)
2026-10-06T13:48:04+00:00  45 Maerkte geschrieben
2026-10-06T13:48:17+00:00  15/15 Messungen (5 Maerkte)
2026-10-06T13:53:21+00:00  45 Maerkte geschrieben
2026-10-06T13:53:33+00:00  15/15 Messungen (5 Maerkte)
2026-10-06T13:58:40+00:00  45 Maerkte geschrieben
  ! JUP/USDC 2000.0$: quote-v6: <urlopen error [Errno 8] nodename nor servname provided, or not known>
2026-10-06T13:58:51+00:00  14/15 Messungen (5 Maerkte)
2026-10-06T14:03:55+00:00  45 Maerkte geschrieben
2026-10-06T14:04:08+00:00  15/15 Messungen (5 Maerkte)
2026-10-06T15:41:51+00:00  45 Maerkte geschrieben
2026-10-06T15:42:03+00:00  15/15 Messungen (5 Maerkte)
2026-10-07T06:41:33+00:00  45 Maerkte geschrieben, 1 Datei(en) gepackt
2026-10-07T06:41:45+00:00  15/15 Messungen (5 Maerkte)
2026-10-07T06:46:50+00:00  45 Maerkte geschrieben
2026-10-07T06:47:02+00:00  15/15 Messungen (5 Maerkte)
2026-10-07T06:52:07+00:00  45 Maerkte geschrieben
2026-10-07T06:52:19+00:00  15/15 Messungen (5 Maerkte)
2026-10-07T06:57:24+00:00  45 Maerkte geschrieben
2026-10-07T06:57:36+00:00  15/15 Messungen (5 Maerkte)
2026-10-07T07:02:41+00:00  45 Maerkte geschrieben
2026-10-07T07:02:55+00:00  15/15 Messungen (5 Maerkte)
2026-10-07T07:08:08+00:00  45 Maerkte geschrieben
2026-10-07T07:08:20+00:00  15/15 Messungen (5 Maerkte)
2026-10-07T07:13:28+00:00  45 Maerkte geschrieben
2026-10-07T07:13:39+00:00  15/15 Messungen (5 Maerkte)
2026-10-07T07:18:44+00:00  45 Maerkte geschrieben
2026-10-07T07:18:55+00:00  15/15 Messungen (5 Maerkte)
2026-10-07T07:24:00+00:00  45 Maerkte geschrieben
2026-10-07T07:24:12+00:00  15/15 Messungen (5 Maerkte)
2026-10-07T07:29:17+00:00  45 Maerkte geschrieben
2026-10-07T07:29:30+00:00  15/15 Messungen (5 Maerkte)
2026-10-07T07:34:41+00:00  45 Maerkte geschrieben
2026-10-07T07:34:53+00:00  15/15 Messungen (5 Maerkte)
2026-10-07T07:40:01+00:00  45 Maerkte geschrieben
2026-10-07T07:40:14+00:00  15/15 Messungen (5 Maerkte)
2026-10-07T07:45:25+00:00  45 Maerkte geschrieben
2026-10-07T07:45:37+00:00  15/15 Messungen (5 Maerkte)
2026-10-07T07:50:48+00:00  45 Maerkte geschrieben
2026-10-07T07:51:01+00:00  15/15 Messungen (5 Maerkte)
2026-10-07T07:56:06+00:00  45 Maerkte geschrieben
2026-10-07T07:56:18+00:00  15/15 Messungen (5 Maerkte)
2026-10-07T08:01:29+00:00  45 Maerkte geschrieben
2026-10-07T08:01:42+00:00  15/15 Messungen (5 Maerkte)
2026-10-07T08:06:50+00:00  45 Maerkte geschrieben
2026-10-07T08:07:01+00:00  15/15 Messungen (5 Maerkte)
2026-10-07T08:15:21+00:00  45 Maerkte geschrieben
2026-10-07T08:15:32+00:00  15/15 Messungen (5 Maerkte)
2026-10-07T08:20:21+00:00  45 Maerkte geschrieben
2026-10-07T08:20:32+00:00  15/15 Messungen (5 Maerkte)
2026-10-07T08:25:21+00:00  45 Maerkte geschrieben
2026-10-07T08:25:33+00:00  15/15 Messungen (5 Maerkte)
2026-10-07T08:30:21+00:00  45 Maerkte geschrieben
2026-10-07T08:30:32+00:00  15/15 Messungen (5 Maerkte)
2026-10-07T08:35:21+00:00  45 Maerkte geschrieben
2026-10-07T08:35:33+00:00  15/15 Messungen (5 Maerkte)
2026-10-07T08:40:21+00:00  45 Maerkte geschrieben
2026-10-07T08:40:32+00:00  15/15 Messungen (5 Maerkte)
2026-10-07T08:45:21+00:00  45 Maerkte geschrieben
2026-10-07T08:45:32+00:00  15/15 Messungen (5 Maerkte)
2026-10-07T08:50:21+00:00  45 Maerkte geschrieben
2026-10-07T08:50:32+00:00  15/15 Messungen (5 Maerkte)
2026-10-07T08:55:21+00:00  45 Maerkte geschrieben
2026-10-07T08:55:33+00:00  15/15 Messungen (5 Maerkte)
2026-10-07T09:00:21+00:00  45 Maerkte geschrieben
  ! BONK/USDC 2000.0$: quote-v6: <urlopen error [Errno -5] No address associated with hostname>
2026-10-07T09:00:32+00:00  14/15 Messungen (5 Maerkte)
2026-10-07T09:05:21+00:00  45 Maerkte geschrieben
  ! WIF/USDC 2000.0$: quote-v6: <urlopen error [Errno -5] No address associated with hostname>
2026-10-07T09:05:33+00:00  14/15 Messungen (5 Maerkte)
2026-10-07T09:10:21+00:00  45 Maerkte geschrieben
2026-10-07T09:10:32+00:00  15/15 Messungen (5 Maerkte)
2026-10-07T09:15:21+00:00  45 Maerkte geschrieben
2026-10-07T09:15:32+00:00  15/15 Messungen (5 Maerkte)
2026-10-07T09:20:21+00:00  45 Maerkte geschrieben
2026-10-07T09:20:33+00:00  15/15 Messungen (5 Maerkte)
2026-10-07T09:25:21+00:00  45 Maerkte geschrieben
  ! BONK/USDC 2000.0$: quote-v6: <urlopen error [Errno -5] No address associated with hostname>
2026-10-07T09:25:34+00:00  14/15 Messungen (5 Maerkte)
2026-10-07T09:30:21+00:00  45 Maerkte geschrieben
2026-10-07T09:30:32+00:00  15/15 Messungen (5 Maerkte)
2026-10-07T09:35:21+00:00  45 Maerkte geschrieben
2026-10-07T09:35:33+00:00  15/15 Messungen (5 Maerkte)
2026-10-07T09:40:21+00:00  45 Maerkte geschrieben
2026-10-07T09:40:32+00:00  15/15 Messungen (5 Maerkte)
2026-10-07T09:45:21+00:00  45 Maerkte geschrieben
2026-10-07T09:45:33+00:00  15/15 Messungen (5 Maerkte)
2026-10-07T09:50:21+00:00  45 Maerkte geschrieben
2026-10-07T09:50:33+00:00  15/15 Messungen (5 Maerkte)
2026-10-07T09:55:21+00:00  45 Maerkte geschrieben
2026-10-07T09:55:33+00:00  15/15 Messungen (5 Maerkte)
2026-10-07T10:00:21+00:00  45 Maerkte geschrieben
2026-10-07T10:00:33+00:00  15/15 Messungen (5 Maerkte)
2026-10-07T10:05:21+00:00  45 Maerkte geschrieben
  ! JUP/USDC 2000.0$: quote-v6: <urlopen error [Errno -5] No address associated with hostname>
2026-10-07T10:05:32+00:00  14/15 Messungen (5 Maerkte)
2026-10-07T10:10:21+00:00  45 Maerkte geschrieben
2026-10-07T10:10:31+00:00  15/15 Messungen (5 Maerkte)
2026-10-07T10:15:21+00:00  45 Maerkte geschrieben
2026-10-07T10:15:32+00:00  15/15 Messungen (5 Maerkte)
2026-10-07T10:20:21+00:00  45 Maerkte geschrieben
2026-10-07T10:20:32+00:00  15/15 Messungen (5 Maerkte)
2026-10-07T10:25:21+00:00  45 Maerkte geschrieben
2026-10-07T10:25:32+00:00  15/15 Messungen (5 Maerkte)
2026-10-07T10:30:21+00:00  45 Maerkte geschrieben
2026-10-07T10:30:33+00:00  15/15 Messungen (5 Maerkte)
2026-10-07T10:35:21+00:00  45 Maerkte geschrieben
2026-10-07T10:35:33+00:00  15/15 Messungen (5 Maerkte)
2026-10-07T10:40:21+00:00  45 Maerkte geschrieben
2026-10-07T10:40:31+00:00  15/15 Messungen (5 Maerkte)
2026-10-07T10:45:21+00:00  45 Maerkte geschrieben
2026-10-07T10:45:32+00:00  15/15 Messungen (5 Maerkte)
2026-10-07T10:50:21+00:00  45 Maerkte geschrieben
2026-10-07T10:50:32+00:00  15/15 Messungen (5 Maerkte)
2026-10-07T10:55:21+00:00  45 Maerkte geschrieben
2026-10-07T10:55:32+00:00  15/15 Messungen (5 Maerkte)
2026-10-07T11:00:21+00:00  45 Maerkte geschrieben
2026-10-07T11:00:33+00:00  15/15 Messungen (5 Maerkte)
